[vagrant@office2Router ~]$ systemctl status zebra
● zebra.service - GNU Zebra routing manager
   Loaded: loaded (/usr/lib/systemd/system/zebra.service; disabled; vendor preset: disabled)
   Active: active (running) since Tue 2018-09-11 19:41:31 UTC; 3min 12s ago
  Process: 4461 ExecStart=/usr/sbin/zebra -d $ZEBRA_OPTS -f /etc/quagga/zebra.conf (code=exited, status=0/SUCCESS)
  Process: 4460 ExecStartPre=/sbin/ip route flush proto zebra (code=exited, status=0/SUCCESS)
 Main PID: 4463 (zebra)
   CGroup: /system.slice/zebra.service
           └─4463 /usr/sbin/zebra -d -A 127.0.0.1 -f /etc/quagga/zebra.conf
[vagrant@office2Router ~]$ systemctl status ospfd
● ospfd.service - OSPF routing daemon
   Loaded: loaded (/usr/lib/systemd/system/ospfd.service; disabled; vendor preset: disabled)
   Active: active (running) since Tue 2018-09-11 19:41:31 UTC; 3min 22s ago
  Process: 4465 ExecStart=/usr/sbin/ospfd -d $OSPFD_OPTS -f /etc/quagga/ospfd.conf (code=exited, status=0/SUCCESS)
 Main PID: 4466 (ospfd)
   CGroup: /system.slice/ospfd.service
           └─4466 /usr/sbin/ospfd -d -A 127.0.0.1 -f /etc/quagga/ospfd.conf
[vagrant@office2Router ~]$ systemctl status zebra
● zebra.service - GNU Zebra routing manager
   Loaded: loaded (/usr/lib/systemd/system/zebra.service; disabled; vendor preset: disabled)
   Active: active (running) since Tue 2018-09-11 19:41:31 UTC; 4min 59s ago
  Process: 4461 ExecStart=/usr/sbin/zebra -d $ZEBRA_OPTS -f /etc/quagga/zebra.conf (code=exited, status=0/SUCCESS)
  Process: 4460 ExecStartPre=/sbin/ip route flush proto zebra (code=exited, status=0/SUCCESS)
 Main PID: 4463 (zebra)
   CGroup: /system.slice/zebra.service
           └─4463 /usr/sbin/zebra -d -A 127.0.0.1 -f /etc/quagga/zebra.conf
[vagrant@office2Router ~]$ ip a
1: lo: <LOOPBACK,UP,LOWER_UP> mtu 65536 qdisc noqueue state UNKNOWN group default qlen 1000
    link/loopback 00:00:00:00:00:00 brd 00:00:00:00:00:00
    inet 127.0.0.1/8 scope host lo
       valid_lft forever preferred_lft forever
    inet6 ::1/128 scope host 
       valid_lft forever preferred_lft forever
2: eth0: <BROADCAST,MULTICAST,UP,LOWER_UP> mtu 1500 qdisc pfifo_fast state UP group default qlen 1000
    link/ether 52:54:00:c9:c7:04 brd ff:ff:ff:ff:ff:ff
    inet 10.0.2.15/24 brd 10.0.2.255 scope global noprefixroute dynamic eth0
       valid_lft 86044sec preferred_lft 86044sec
    inet6 fe80::5054:ff:fec9:c704/64 scope link 
       valid_lft forever preferred_lft forever
3: eth1: <BROADCAST,MULTICAST,UP,LOWER_UP> mtu 1500 qdisc pfifo_fast state UP group default qlen 1000
    link/ether 08:00:27:67:9d:08 brd ff:ff:ff:ff:ff:ff
4: eth2: <BROADCAST,MULTICAST,UP,LOWER_UP> mtu 1500 qdisc pfifo_fast state UP group default qlen 1000
    link/ether 08:00:27:55:11:99 brd ff:ff:ff:ff:ff:ff
5: eth3: <BROADCAST,MULTICAST,UP,LOWER_UP> mtu 1500 qdisc pfifo_fast state UP group default qlen 1000
    link/ether 08:00:27:7a:73:95 brd ff:ff:ff:ff:ff:ff
    inet 192.168.2.1/25 brd 192.168.2.127 scope global noprefixroute eth3
       valid_lft forever preferred_lft forever
    inet6 fe80::a00:27ff:fe7a:7395/64 scope link 
       valid_lft forever preferred_lft forever
6: eth1.2@eth1: <BROADCAST,MULTICAST,UP,LOWER_UP> mtu 1500 qdisc noqueue state UP group default qlen 1000
    link/ether 08:00:27:67:9d:08 brd ff:ff:ff:ff:ff:ff
    inet 10.10.0.6/30 brd 10.10.0.7 scope global eth1.2
       valid_lft forever preferred_lft forever
    inet6 fe80::a00:27ff:fe67:9d08/64 scope link 
       valid_lft forever preferred_lft forever
7: eth2.3@eth2: <BROADCAST,MULTICAST,UP,LOWER_UP> mtu 1500 qdisc noqueue state UP group default qlen 1000
    link/ether 08:00:27:55:11:99 brd ff:ff:ff:ff:ff:ff
    inet 10.10.0.9/30 brd 10.10.0.11 scope global eth2.3
       valid_lft forever preferred_lft forever
    inet6 fe80::a00:27ff:fe55:1199/64 scope link 
       valid_lft forever preferred_lft forever
[vagrant@office2Router ~]$ cat /etc/quagga/zebra.conf
cat: /etc/quagga/zebra.conf: Permission denied
[vagrant@office2Router ~]$ sudo cat /etc/quagga/zebra.conf
hostname office2Router
log file /var/log/zebra.log
log monitor
log stdout
log syslog
interface eth3
ip address 192.168.2.1/25
interface eth1.2
ip address 10.10.0.6/30
interface eth2.3
ip address 10.10.0.9/30
[vagrant@office2Router ~]$ sudo cat /etc/quagga/ospfd.conf
hostname office2Router
router ospf
ospf router-id 10.10.0.9
 network 10.10.0.4/30 area 0
 network 10.10.0.8/30 area 0
 network 192.168.2.0/25 area 3
 redistribute connected
log file /var/log/ospfd.log
[vagrant@office2Router ~]$ 
[vagrant@office2Router ~]$ tracepath 192.168.0.1
 1?: [LOCALHOST]                                         pmtu 1500
 1:  192.168.0.1                                           1.807ms reached
 1:  192.168.0.1                                           1.183ms reached
     Resume: pmtu 1500 hops 1 back 1 
[vagrant@office2Router ~]$ tracepath 192.168.1.1
 1?: [LOCALHOST]                                         pmtu 1500
 1:  192.168.1.1                                           0.431ms reached
 1:  192.168.1.1                                           0.522ms reached
     Resume: pmtu 1500 hops 1 back 1 
[vagrant@office2Router ~]$ 
[vagrant@office2Router ~]$ sudo sysctl -a | grep rp_filter
net.ipv4.conf.all.arp_filter = 0
net.ipv4.conf.all.rp_filter = 1
net.ipv4.conf.default.arp_filter = 0
net.ipv4.conf.default.rp_filter = 1
net.ipv4.conf.eth0.arp_filter = 0
net.ipv4.conf.eth0.rp_filter = 1
net.ipv4.conf.eth1.arp_filter = 0
net.ipv4.conf.eth1.rp_filter = 1
net.ipv4.conf.eth1/2.arp_filter = 0
net.ipv4.conf.eth1/2.rp_filter = 1
net.ipv4.conf.eth2.arp_filter = 0
sysctl: reading key "net.ipv6.conf.all.stable_secret"
sysctl: reading key "net.ipv6.conf.default.stable_secret"
sysctl: reading key "net.ipv6.conf.eth0.stable_secret"
sysctl: reading key "net.ipv6.conf.eth1.stable_secret"
sysctl: reading key "net.ipv6.conf.eth1/2.stable_secret"
sysctl: reading key "net.ipv6.conf.eth2.stable_secret"
sysctl: reading key "net.ipv6.conf.eth2/3.stable_secret"
sysctl: reading key "net.ipv6.conf.eth3.stable_secret"
net.ipv4.conf.eth2.rp_filter = 1
net.ipv4.conf.eth2/3.arp_filter = 0
net.ipv4.conf.eth2/3.rp_filter = 1
net.ipv4.conf.eth3.arp_filter = 0
net.ipv4.conf.eth3.rp_filter = 1
net.ipv4.conf.lo.arp_filter = 0
net.ipv4.conf.lo.rp_filter = 0
sysctl: reading key "net.ipv6.conf.lo.stable_secret"
[vagrant@office2Router ~]$
[vagrant@office2Router ~]$ sudo sysctl net.ipv4.conf.all.rp_filter=0
net.ipv4.conf.all.rp_filter = 0
[vagrant@office2Router ~]$ sudo sysctl net.ipv4.conf.default.rp_filter=0
net.ipv4.conf.default.rp_filter = 0
[vagrant@office2Router ~]$
[vagrant@office2Router ~]$ sudo sysctl net.ipv4.conf.eth1/2.rp_filter=0
net.ipv4.conf.eth1/2.rp_filter = 0
[vagrant@office2Router ~]$ 
[vagrant@office2Router ~]$ 
[vagrant@office2Router ~]$ sudo sysctl net.ipv4.conf.eth2/3.rp_filter=0
net.ipv4.conf.eth2/3.rp_filter = 0
[vagrant@office2Router ~]$ 
[vagrant@office2Router ~]$ ping 192.168.1.1
PING 192.168.1.1 (192.168.1.1) 56(84) bytes of data.
64 bytes from 192.168.1.1: icmp_seq=1 ttl=64 time=1.17 ms
64 bytes from 192.168.1.1: icmp_seq=2 ttl=64 time=1.03 ms
^C
--- 192.168.1.1 ping statistics ---
2 packets transmitted, 2 received, 0% packet loss, time 1002ms
rtt min/avg/max/mdev = 1.032/1.105/1.179/0.080 ms
[vagrant@office2Router ~]$ reacepath  192.168.1.1
-bash: reacepath: command not found
[vagrant@office2Router ~]$ tracepath  192.168.1.1
 1?: [LOCALHOST]                                         pmtu 1500
 1:  192.168.1.1                                           0.507ms reached
 1:  192.168.1.1                                           0.608ms reached
     Resume: pmtu 1500 hops 1 back 1 
[vagrant@office2Router ~]$ tracepath  192.168.0.1
 1?: [LOCALHOST]                                         pmtu 1500
 1:  192.168.0.1                                           0.525ms reached
 1:  192.168.0.1                                           1.057ms reached
     Resume: pmtu 1500 hops 1 back 1 
[vagrant@office2Router ~]$ sudo vtysh -c 'show ip route 192.168.0.1'
Routing entry for 192.168.0.0/28
  Known via "ospf", distance 110, metric 20, best
  Last update 00:22:03 ago
  * 10.10.0.10, via eth2.3

[vagrant@office2Router ~]$ sudo vtysh -c 'show ip route 192.168.1.1'
Routing entry for 192.168.1.0/26
  Known via "ospf", distance 110, metric 20, best
  Last update 00:23:50 ago
  * 10.10.0.5, via eth1.2

[vagrant@office2Router ~]$ tracepath  192.168.0.1
 1?: [LOCALHOST]                                         pmtu 1500
 1:  192.168.0.1                                           1.790ms reached
 1:  192.168.0.1                                           1.559ms reached
     Resume: pmtu 1500 hops 1 back 1 
[vagrant@office2Router ~]$ tracepath  192.168.1.1
 1?: [LOCALHOST]                                         pmtu 1500
 1:  192.168.1.1                                           0.480ms reached
 1:  192.168.1.1                                           0.773ms reached
     Resume: pmtu 1500 hops 1 back 1 
[vagrant@office2Router ~]$ sudo vtysh -c 'show ip route 192.168.1.1'
Routing entry for 192.168.1.0/26
  Known via "ospf", distance 110, metric 20, best
  Last update 00:05:24 ago
  * 10.10.0.5, via eth1.2

[vagrant@office2Router ~]$ sudo vtysh -c 'show ip route 192.168.0.1'
Routing entry for 192.168.0.0/28
  Known via "ospf", distance 110, metric 20, best
  Last update 00:32:08 ago
  * 10.10.0.10, via eth2.3

[vagrant@office2Router ~]$ 

